// Jest Snapshot v1, https://goo.gl/fbAQLP

exports[`renders correctly 1`] = `
<figure>
  <a
    href="/playlists/"
    onClick={[Function]}
  >
    <img
      alt=""
      height={100}
      src=""
      width={100}
    />
  </a>
  <figcaption>
    <a
      href="/playlists/"
      onClick={[Function]}
    >
      
    </a>
  </figcaption>
</figure>
`;
