// Vitest Snapshot v1, https://vitest.dev/guide/snapshot.html

exports[`renders correctly 1`] = `
<figure>
  <a
    href="/playlists/"
  >
    <img
      alt=""
      height="100"
      src=""
      width="100"
    />
  </a>
  <figcaption>
    <a
      href="/playlists/"
    />
  </figcaption>
</figure>
`;
