// Jest Snapshot v1, https://goo.gl/fbAQLP

exports[`renders correctly 1`] = `
<div
  className="album-page"
>
  <div
    className="error"
  >
    
  </div>
  <div>
    <figure>
      <figcaption>
        <h3>
          <a
            href="/albums/"
            onClick={[Function]}
          >
            
          </a>
        </h3>
      </figcaption>
    </figure>
    <table>
      <tbody />
    </table>
  </div>
</div>
`;
