// Jest Snapshot v1, https://goo.gl/fbAQLP

exports[`Album component renders correctly 1`] = `
<div>
  <figure>
    <figcaption>
      <h3>
        <a
          href="/albums/4aawyAB9vmqN3uQ7FjRGTy"
        >
          Global Warming
        </a>
      </h3>
      <h4>
        <a
          href="/artists/0TnOYISbd1XYRBk9myaseg"
        >
          Pitbull
        </a>
      </h4>
    </figcaption>
  </figure>
  <table>
    <thead>
      <tr>
        <th>
          #
        </th>
        <th>
          Title
        </th>
        <th
          align="right"
        >
          Duration
        </th>
      </tr>
    </thead>
    <tbody>
      <tr>
        <td>
          1
        </td>
        <td>
          <div
            class="track__name"
          >
            Global Warming (feat. Sensato)
          </div>
          <div>
            <a
              href="/artists/0TnOYISbd1XYRBk9myaseg"
            >
              Pitbull
            </a>
          </div>
        </td>
        <td
          align="right"
        >
          1:25
        </td>
      </tr>
    </tbody>
  </table>
</div>
`;
