// Vitest Snapshot v1, https://vitest.dev/guide/snapshot.html

exports[`renders correctly 1`] = `
<div
  class="me"
>
  <figure
    class="me__image"
  >
    <img
      alt="string"
      height="32"
      src="https://i.scdn.co/image/ab67616d00001e02ff9ca10b55ce82ae553c8228"
      width="32"
    />
  </figure>
  <a
    href="/users/string"
  >
    string
  </a>
</div>
`;
