// Jest Snapshot v1, https://goo.gl/fbAQLP

exports[`renders correctly 1`] = `
<div
  className="me"
>
  <figure
    className="me__image"
  >
    <img
      alt=""
      height={32}
      src=""
      width={32}
    />
  </figure>
  <a
    href="/users/"
    onClick={[Function]}
  >
    
  </a>
</div>
`;
