// Jest Snapshot v1, https://goo.gl/fbAQLP

exports[`renders correctly 1`] = `
<nav>
  <ul
    class="navigation__list"
  >
    <li>
      <a
        href="/"
      >
        Home
      </a>
    </li>
    <li>
      <a
        href="/browse"
      >
        Browse
      </a>
    </li>
  </ul>
</nav>
`;
