// Vitest Snapshot v1, https://vitest.dev/guide/snapshot.html

exports[`renders correctly 1`] = `
<table>
  <thead>
    <tr>
      <th>
        #
      </th>
      <th>
        Title
      </th>
      <th
        align="right"
      >
        Duration
      </th>
    </tr>
  </thead>
  <tbody>
    <tr>
      <td>
        0
      </td>
      <td>
        <div
          class="track__name"
        >
          string
        </div>
        <div>
          <a
            href="/artists/string"
          >
            string
          </a>
        </div>
      </td>
      <td
        align="right"
      >
        0:00
      </td>
    </tr>
  </tbody>
</table>
`;
