// Jest Snapshot v1, https://goo.gl/fbAQLP

exports[`renders correctly 1`] = `
<table>
  <thead>
    <tr>
      <th>
        #
      </th>
      <th>
        Title
      </th>
      <th>
        Album
      </th>
      <th>
        Added
      </th>
      <th
        align="right"
      >
        Duration
      </th>
    </tr>
  </thead>
  <tbody />
</table>
`;
