// Jest Snapshot v1, https://goo.gl/fbAQLP

exports[`renders correctly 1`] = `
<div>
  <ul>
    <li>
      <a
        href="/categories"
        onClick={[Function]}
      >
        Genres & Moods
      </a>
    </li>
    <li>
      <a
        href="/featured-playlists"
        onClick={[Function]}
      >
        Featured Playlists
      </a>
    </li>
    <li>
      <a
        href="/new-releases"
        onClick={[Function]}
      >
        New Releases
      </a>
    </li>
  </ul>
</div>
`;
